[15:24:49] [main/INFO] (FabricLoader/GameProvider) Loading Minecraft 1.20.1 with Fabric Loader 0.16.14
[15:24:50] [main/INFO] (FabricLoader) Loading 60 mods:
	- chaoticd 1.1.1
	- fabric-api 0.92.6+1.20.1
	- fabric-api-base 0.4.32+1802ada577
	- fabric-api-lookup-api-v1 1.6.37+1802ada577
	- fabric-biome-api-v1 13.0.14+1802ada577
	- fabric-block-api-v1 1.0.12+1802ada577
	- fabric-block-view-api-v2 1.0.3+924f046a77
	- fabric-blockrenderlayer-v1 1.1.42+1802ada577
	- fabric-client-tags-api-v1 1.1.3+1802ada577
	- fabric-command-api-v1 1.2.35+f71b366f77
	- fabric-command-api-v2 2.2.14+1802ada577
	- fabric-commands-v0 0.2.52+df3654b377
	- fabric-containers-v0 0.1.67+df3654b377
	- fabric-content-registries-v0 4.0.13+1802ada577
	- fabric-convention-tags-v1 1.5.6+1802ada577
	- fabric-crash-report-info-v1 0.2.20+1802ada577
	- fabric-data-attachment-api-v1 1.0.2+de0fd6d177
	- fabric-data-generation-api-v1 12.3.7+1802ada577
	- fabric-dimensions-v1 2.1.55+1802ada577
	- fabric-entity-events-v1 1.6.1+1c78457f77
	- fabric-events-interaction-v0 0.6.5+13a40c6677
	- fabric-events-lifecycle-v0 0.2.64+df3654b377
	- fabric-game-rule-api-v1 1.0.41+1802ada577
	- fabric-gametest-api-v1 1.2.15+1802ada577
	- fabric-item-api-v1 2.1.29+1802ada577
	- fabric-item-group-api-v1 4.0.14+1802ada577
	- fabric-key-binding-api-v1 1.0.38+1802ada577
	- fabric-keybindings-v0 0.2.36+df3654b377
	- fabric-lifecycle-events-v1 2.2.23+1802ada577
	- fabric-loot-api-v2 1.2.3+1802ada577
	- fabric-loot-tables-v1 1.1.47+9e7660c677
	- fabric-message-api-v1 5.1.10+1802ada577
	- fabric-mining-level-api-v1 2.1.52+1802ada577
	- fabric-model-loading-api-v1 1.0.4+1802ada577
	- fabric-models-v0 0.4.3+9386d8a777
	- fabric-networking-api-v1 1.3.14+a158aa0477
	- fabric-networking-v0 0.3.54+df3654b377
	- fabric-object-builder-api-v1 11.1.5+e35120df77
	- fabric-particles-v1 1.1.3+1802ada577
	- fabric-recipe-api-v1 1.0.24+1802ada577
	- fabric-registry-sync-v0 2.3.6+1802ada577
	- fabric-renderer-api-v1 3.2.2+1802ada577
	- fabric-renderer-indigo 1.5.3+85287f9f77
	- fabric-renderer-registries-v1 3.2.47+df3654b377
	- fabric-rendering-data-attachment-v1 0.3.39+92a0d36777
	- fabric-rendering-fluids-v1 3.0.29+1802ada577
	- fabric-rendering-v0 1.1.50+df3654b377
	- fabric-rendering-v1 3.0.9+1802ada577
	- fabric-resource-conditions-api-v1 2.3.9+1802ada577
	- fabric-resource-loader-v0 0.11.12+fb82e9d777
	- fabric-screen-api-v1 2.0.9+1802ada577
	- fabric-screen-handler-api-v1 1.3.33+1802ada577
	- fabric-sound-api-v1 1.0.14+1802ada577
	- fabric-transfer-api-v1 3.3.6+8dd72ea377
	- fabric-transitive-access-wideners-v1 4.3.2+1802ada577
	- fabricloader 0.16.14
	- geckolib 4.4.9
	- java 21
	- minecraft 1.20.1
	- mixinextras 0.4.1
[15:24:50] [main/INFO] (FabricLoader/Mixin) SpongePowered MIXIN Subsystem Version=0.8.7 Source=file:/home/hadrykkxd/.gradle/caches/modules-2/files-2.1/net.fabricmc/sponge-mixin/0.15.5+mixin.0.8.7/22f9eb729e216a091673a574a5906dc1b9027fb3/sponge-mixin-0.15.5+mixin.0.8.7.jar Service=Knot/Fabric Env=CLIENT
[15:24:50] [main/INFO] (FabricLoader/Mixin) Loaded Fabric development mappings for mixin remapper!
[15:24:50] [main/INFO] (FabricLoader/Mixin) Compatibility level set to JAVA_16
[15:24:50] [main/INFO] (FabricLoader/Mixin) Compatibility level set to JAVA_17
[15:24:52] [main/INFO] (FabricLoader/MixinExtras|Service) Initializing MixinExtras via com.llamalad7.mixinextras.service.MixinExtrasServiceImpl(version=0.4.1).
[15:24:59] [Datafixer Bootstrap/INFO] (Minecraft) 188 Datafixer optimizations took 205 milliseconds
[15:25:02] [Render thread/INFO] (Minecraft) Environment: authHost='https://authserver.mojang.com', accountsHost='https://api.mojang.com', sessionHost='https://sessionserver.mojang.com', servicesHost='https://api.minecraftservices.com', name='PROD'
[15:25:04] [Render thread/ERROR] (Minecraft) Failed to verify authentication
com.mojang.authlib.exceptions.InvalidCredentialsException: Status: 401
	at com.mojang.authlib.exceptions.MinecraftClientHttpException.toAuthenticationException(MinecraftClientHttpException.java:56) ~[authlib-4.0.43.jar:?]
	at com.mojang.authlib.yggdrasil.YggdrasilUserApiService.fetchProperties(YggdrasilUserApiService.java:156) ~[authlib-4.0.43.jar:?]
	at com.mojang.authlib.yggdrasil.YggdrasilUserApiService.<init>(YggdrasilUserApiService.java:55) ~[authlib-4.0.43.jar:?]
	at com.mojang.authlib.yggdrasil.YggdrasilAuthenticationService.createUserApiService(YggdrasilAuthenticationService.java:124) ~[authlib-4.0.43.jar:?]
	at net.minecraft.client.Minecraft.createUserApiService(Minecraft.java:733) ~[minecraft-merged-d5c98e80d1-1.20.1-loom.mappings.1_20_1.layered+hash.2198-v2.jar:?]
	at net.minecraft.client.Minecraft.<init>(Minecraft.java:442) ~[minecraft-merged-d5c98e80d1-1.20.1-loom.mappings.1_20_1.layered+hash.2198-v2.jar:?]
	at net.minecraft.client.main.Main.main(Main.java:211) ~[minecraft-merged-d5c98e80d1-1.20.1-loom.mappings.1_20_1.layered+hash.2198-v2.jar:?]
	at net.fabricmc.loader.impl.game.minecraft.MinecraftGameProvider.launch(MinecraftGameProvider.java:480) ~[fabric-loader-0.16.14.jar:?]
	at net.fabricmc.loader.impl.launch.knot.Knot.launch(Knot.java:74) ~[fabric-loader-0.16.14.jar:?]
	at net.fabricmc.loader.impl.launch.knot.KnotClient.main(KnotClient.java:23) ~[fabric-loader-0.16.14.jar:?]
	at net.fabricmc.devlaunchinjector.Main.main(Main.java:86) ~[dev-launch-injector-0.2.1+build.8.jar:?]
Caused by: com.mojang.authlib.exceptions.MinecraftClientHttpException: Status: 401
	at com.mojang.authlib.minecraft.client.MinecraftClient.readInputStream(MinecraftClient.java:85) ~[authlib-4.0.43.jar:?]
	at com.mojang.authlib.minecraft.client.MinecraftClient.get(MinecraftClient.java:48) ~[authlib-4.0.43.jar:?]
	at com.mojang.authlib.yggdrasil.YggdrasilUserApiService.fetchProperties(YggdrasilUserApiService.java:129) ~[authlib-4.0.43.jar:?]
	... 9 more
[15:25:04] [Render thread/INFO] (Minecraft) Setting user: Player991
[15:25:04] [Render thread/ERROR] (Minecraft) No data fixer registered for dimension_pig
[15:25:04] [Render thread/ERROR] (Minecraft) No data fixer registered for gold_dimension_pig
[15:25:04] [Render thread/ERROR] (Minecraft) No data fixer registered for apple_cow
[15:25:04] [Render thread/ERROR] (Minecraft) No data fixer registered for golden_apple_cow
[15:25:04] [Render thread/ERROR] (Minecraft) No data fixer registered for crystal_apple_cow
[15:25:04] [Render thread/ERROR] (Minecraft) No data fixer registered for crystal_golden_apple
[15:25:04] [Render thread/ERROR] (Minecraft) No data fixer registered for crystal_creeper
[15:25:04] [Render thread/INFO] (chaoticd) Chaotic Dimensions loaded successfully.
[15:25:05] [Render thread/INFO] (Indigo) [Indigo] Registering Indigo renderer!
[15:25:05] [Render thread/INFO] (Minecraft) Backend library: LWJGL version 3.3.2-snapshot
[15:25:05] [Render thread/INFO] (Minecraft) [STDERR]: [LWJGL] [ThreadLocalUtil] Unsupported JNI version detected, this may result in a crash. Please inform LWJGL developers.
[15:25:07] [Render thread/INFO] (Minecraft) Reloading ResourceManager: vanilla, fabric (fabric-object-builder-api-v1, fabric-events-interaction-v0, fabric-api, fabric-screen-api-v1, fabric-loot-api-v2, fabric-registry-sync-v0, fabric-keybindings-v0, fabric-renderer-registries-v1, fabric-command-api-v2, fabric-gametest-api-v1, fabric-crash-report-info-v1, fabric-rendering-v0, chaoticd, fabric-item-group-api-v1, fabric-block-view-api-v2, fabric-api-base, fabric-events-lifecycle-v0, fabric-transfer-api-v1, fabric-rendering-data-attachment-v1, fabric-models-v0, fabric-lifecycle-events-v1, fabric-particles-v1, fabric-game-rule-api-v1, fabric-recipe-api-v1, fabric-entity-events-v1, fabric-content-registries-v0, fabric-resource-loader-v0, fabric-key-binding-api-v1, fabric-transitive-access-wideners-v1, fabric-client-tags-api-v1, fabric-loot-tables-v1, fabric-commands-v0, fabric-renderer-api-v1, fabric-message-api-v1, fabric-data-attachment-api-v1, geckolib, fabric-containers-v0, fabric-networking-v0, fabric-blockrenderlayer-v1, fabric-item-api-v1, fabric-block-api-v1, fabric-api-lookup-api-v1, fabric-biome-api-v1, fabricloader, fabric-rendering-v1, fabric-resource-conditions-api-v1, fabric-screen-handler-api-v1, fabric-rendering-fluids-v1, fabric-data-generation-api-v1, fabric-mining-level-api-v1, fabric-command-api-v1, fabric-renderer-indigo, fabric-convention-tags-v1, fabric-dimensions-v1, fabric-networking-api-v1, fabric-sound-api-v1, fabric-model-loading-api-v1)
[15:25:07] [Worker-Main-4/INFO] (Minecraft) Found unifont_all_no_pua-15.0.06.hex, loading
[15:25:08] [Realms Notification Availability checker #1/INFO] (Minecraft) Could not authorize you against Realms server: java.lang.RuntimeException: Failed to parse into SignedJWT: FabricMC
[15:25:08] [Worker-Main-6/WARN] (Minecraft) Exception loading blockstate definition: 'chaoticd:blockstates/dream_fluid.json' missing model for variant: 'chaoticd:dream_fluid#level=3'
[15:25:08] [Worker-Main-6/WARN] (Minecraft) Exception loading blockstate definition: 'chaoticd:blockstates/dream_fluid.json' missing model for variant: 'chaoticd:dream_fluid#level=2'
[15:25:08] [Worker-Main-6/WARN] (Minecraft) Exception loading blockstate definition: 'chaoticd:blockstates/dream_fluid.json' missing model for variant: 'chaoticd:dream_fluid#level=5'
[15:25:08] [Worker-Main-6/WARN] (Minecraft) Exception loading blockstate definition: 'chaoticd:blockstates/dream_fluid.json' missing model for variant: 'chaoticd:dream_fluid#level=4'
[15:25:08] [Worker-Main-6/WARN] (Minecraft) Exception loading blockstate definition: 'chaoticd:blockstates/dream_fluid.json' missing model for variant: 'chaoticd:dream_fluid#level=1'
[15:25:08] [Worker-Main-6/WARN] (Minecraft) Exception loading blockstate definition: 'chaoticd:blockstates/dream_fluid.json' missing model for variant: 'chaoticd:dream_fluid#level=15'
[15:25:08] [Worker-Main-6/WARN] (Minecraft) Exception loading blockstate definition: 'chaoticd:blockstates/dream_fluid.json' missing model for variant: 'chaoticd:dream_fluid#level=0'
[15:25:08] [Worker-Main-6/WARN] (Minecraft) Exception loading blockstate definition: 'chaoticd:blockstates/dream_fluid.json' missing model for variant: 'chaoticd:dream_fluid#level=13'
[15:25:08] [Worker-Main-6/WARN] (Minecraft) Exception loading blockstate definition: 'chaoticd:blockstates/dream_fluid.json' missing model for variant: 'chaoticd:dream_fluid#level=14'
[15:25:08] [Worker-Main-6/WARN] (Minecraft) Exception loading blockstate definition: 'chaoticd:blockstates/dream_fluid.json' missing model for variant: 'chaoticd:dream_fluid#level=11'
[15:25:08] [Worker-Main-6/WARN] (Minecraft) Exception loading blockstate definition: 'chaoticd:blockstates/dream_fluid.json' missing model for variant: 'chaoticd:dream_fluid#level=12'
[15:25:08] [Worker-Main-6/WARN] (Minecraft) Exception loading blockstate definition: 'chaoticd:blockstates/dream_fluid.json' missing model for variant: 'chaoticd:dream_fluid#level=7'
[15:25:08] [Worker-Main-6/WARN] (Minecraft) Exception loading blockstate definition: 'chaoticd:blockstates/dream_fluid.json' missing model for variant: 'chaoticd:dream_fluid#level=6'
[15:25:08] [Worker-Main-6/WARN] (Minecraft) Exception loading blockstate definition: 'chaoticd:blockstates/dream_fluid.json' missing model for variant: 'chaoticd:dream_fluid#level=10'
[15:25:08] [Worker-Main-6/WARN] (Minecraft) Exception loading blockstate definition: 'chaoticd:blockstates/dream_fluid.json' missing model for variant: 'chaoticd:dream_fluid#level=9'
[15:25:08] [Worker-Main-6/WARN] (Minecraft) Exception loading blockstate definition: 'chaoticd:blockstates/dream_fluid.json' missing model for variant: 'chaoticd:dream_fluid#level=8'
[15:25:09] [Worker-Main-6/WARN] (Minecraft) Missing textures in model chaoticd:stripped_pastel_aurora_log#axis=x:
    minecraft:textures/atlas/blocks.png:chaoticd:block/stripped_pastel_aurora_log_top
[15:25:09] [Worker-Main-6/WARN] (Minecraft) Missing textures in model chaoticd:stripped_pastel_aurora_log#axis=y:
    minecraft:textures/atlas/blocks.png:chaoticd:block/stripped_pastel_aurora_log_top
[15:25:09] [Worker-Main-6/WARN] (Minecraft) Missing textures in model chaoticd:stripped_pastel_aurora_log#inventory:
    minecraft:textures/atlas/blocks.png:chaoticd:block/stripped_pastel_aurora_log_top
[15:25:09] [Worker-Main-6/WARN] (Minecraft) Missing textures in model chaoticd:sapphire_ore#inventory:
    minecraft:textures/atlas/blocks.png:chaoticd:block/sapphire_ore
[15:25:09] [Worker-Main-6/WARN] (Minecraft) Missing textures in model chaoticd:stripped_pastel_aurora_log#axis=z:
    minecraft:textures/atlas/blocks.png:chaoticd:block/stripped_pastel_aurora_log_top
[15:25:09] [Worker-Main-6/WARN] (Minecraft) Missing textures in model chaoticd:pastel_aurora_stone#inventory:
    minecraft:textures/atlas/blocks.png:chaoticd:block/pastel_aurora_stone
[15:25:09] [Worker-Main-6/WARN] (Minecraft) Missing textures in model chaoticd:pastel_purple_leaves#distance=2,persistent=false,waterlogged=true:
    minecraft:textures/atlas/blocks.png:chaoticd:block/pastel_purple_leaves
[15:25:09] [Worker-Main-6/WARN] (Minecraft) Missing textures in model chaoticd:sapphire_ore#:
    minecraft:textures/atlas/blocks.png:chaoticd:block/sapphire_ore
[15:25:09] [Worker-Main-6/WARN] (Minecraft) Missing textures in model chaoticd:pastel_pink_leaves#distance=6,persistent=true,waterlogged=true:
    minecraft:textures/atlas/blocks.png:chaoticd:block/pastel_pink_leaves
[15:25:09] [Worker-Main-6/WARN] (Minecraft) Missing textures in model chaoticd:pastel_pink_leaves#inventory:
    minecraft:textures/atlas/blocks.png:chaoticd:block/pastel_pink_leaves
[15:25:09] [Worker-Main-6/WARN] (Minecraft) Missing textures in model chaoticd:pastel_blue_leaves#distance=7,persistent=true,waterlogged=false:
    minecraft:textures/atlas/blocks.png:chaoticd:block/pastel_blue_leaves
[15:25:09] [Worker-Main-6/WARN] (Minecraft) Missing textures in model chaoticd:pastel_purple_leaves#inventory:
    minecraft:textures/atlas/blocks.png:chaoticd:block/pastel_purple_leaves
[15:25:09] [Worker-Main-6/WARN] (Minecraft) Missing textures in model chaoticd:pastel_blue_leaves#inventory:
    minecraft:textures/atlas/blocks.png:chaoticd:block/pastel_blue_leaves
[15:25:09] [Worker-Main-6/WARN] (Minecraft) Missing textures in model chaoticd:pastel_aurora_stone#:
    minecraft:textures/atlas/blocks.png:chaoticd:block/pastel_aurora_stone
[15:25:09] [Render thread/WARN] (Minecraft) Missing sound for event: minecraft:item.goat_horn.play
[15:25:09] [Render thread/WARN] (Minecraft) Missing sound for event: minecraft:entity.goat.screaming.horn_break
[15:25:09] [Render thread/INFO] (Minecraft) OpenAL initialized on device Ryzen HD Audio Controller Analog Stereo
[15:25:09] [Render thread/INFO] (Minecraft) Sound engine started
[15:25:09] [Render thread/INFO] (Minecraft) Created: 1024x1024x4 minecraft:textures/atlas/blocks.png-atlas
[15:25:09] [Render thread/INFO] (Minecraft) Created: 256x256x4 minecraft:textures/atlas/signs.png-atlas
[15:25:09] [Render thread/INFO] (Minecraft) Created: 512x512x4 minecraft:textures/atlas/shield_patterns.png-atlas
[15:25:09] [Render thread/INFO] (Minecraft) Created: 512x512x4 minecraft:textures/atlas/banner_patterns.png-atlas
[15:25:09] [Render thread/INFO] (Minecraft) Created: 1024x1024x4 minecraft:textures/atlas/armor_trims.png-atlas
[15:25:09] [Render thread/INFO] (Minecraft) Created: 128x64x4 minecraft:textures/atlas/decorated_pot.png-atlas
[15:25:09] [Render thread/INFO] (Minecraft) Created: 256x256x4 minecraft:textures/atlas/chest.png-atlas
[15:25:09] [Render thread/INFO] (Minecraft) Created: 512x256x4 minecraft:textures/atlas/shulker_boxes.png-atlas
[15:25:09] [Render thread/INFO] (Minecraft) Created: 512x256x4 minecraft:textures/atlas/beds.png-atlas
[15:25:10] [Render thread/WARN] (Minecraft) Shader rendertype_entity_translucent_emissive could not find sampler named Sampler2 in the specified shader program.
[15:25:10] [Render thread/INFO] (Minecraft) Created: 256x256x0 minecraft:textures/atlas/particles.png-atlas
[15:25:10] [Render thread/INFO] (Minecraft) Created: 256x256x0 minecraft:textures/atlas/paintings.png-atlas
[15:25:10] [Render thread/INFO] (Minecraft) Created: 128x128x0 minecraft:textures/atlas/mob_effects.png-atlas
[15:25:18] [Render thread/INFO] (FabricRegistrySync) [fabric-registry-sync] Loaded registry data [file 1/4]
[15:25:20] [Render thread/INFO] (Minecraft) Loaded 7 recipes
[15:25:20] [Render thread/INFO] (Minecraft) Loaded 1275 advancements
[15:25:25] [Render thread/INFO] (Minecraft) Deleting level New World (1)
[15:25:25] [Render thread/INFO] (Minecraft) Attempt 1...
[15:25:27] [Render thread/INFO] (Minecraft) Deleting level New World
[15:25:27] [Render thread/INFO] (Minecraft) Attempt 1...
[15:25:28] [Render thread/INFO] (Minecraft) Loaded 7 recipes
[15:25:28] [Render thread/INFO] (Minecraft) Loaded 1275 advancements
[15:25:30] [Render thread/INFO] (Minecraft) Loaded 7 recipes
[15:25:30] [Render thread/INFO] (Minecraft) Loaded 1275 advancements
[15:25:34] [Render thread/INFO] (BiomeModificationImpl) Applied 1 biome modifications to 1 of 66 new biomes in 12.71 ms
[15:25:34] [Server thread/INFO] (Minecraft) Starting integrated minecraft server version 1.20.1
[15:25:34] [Server thread/INFO] (Minecraft) Generating keypair
[15:25:36] [Server thread/INFO] (Minecraft) Preparing start region for dimension minecraft:overworld
[15:25:37] [Render thread/INFO] (Minecraft) Preparing spawn area: 0%
[15:25:37] [Render thread/INFO] (Minecraft) Preparing spawn area: 0%
[15:25:37] [Render thread/INFO] (Minecraft) Preparing spawn area: 0%
[15:25:37] [Render thread/INFO] (Minecraft) Preparing spawn area: 5%
[15:25:38] [Render thread/INFO] (Minecraft) Preparing spawn area: 22%
[15:25:38] [Render thread/INFO] (Minecraft) Preparing spawn area: 41%
[15:25:39] [Render thread/INFO] (Minecraft) Preparing spawn area: 76%
[15:25:39] [Render thread/INFO] (Minecraft) Time elapsed: 3236 ms
[15:25:39] [Server thread/INFO] (Minecraft) Changing view distance to 11, from 10
[15:25:39] [Server thread/INFO] (Minecraft) Changing simulation distance to 13, from 0
[15:25:40] [Server thread/INFO] (Minecraft) Player991[local:E:96dd880c] logged in with entity id 1 at (0.5, -60.0, 0.5)
[15:25:40] [Server thread/INFO] (Minecraft) Player991 joined the game
[15:25:41] [Render thread/INFO] (Minecraft) Loaded 2 advancements
[15:26:38] [Server thread/INFO] (Minecraft) Saving and pausing game...
[15:26:38] [Server thread/INFO] (Minecraft) Saving chunks for level 'ServerLevel[New World]'/minecraft:overworld
[15:26:38] [Server thread/INFO] (Minecraft) Saving chunks for level 'ServerLevel[New World]'/chaoticd:shadow_dimension
[15:26:38] [Server thread/INFO] (Minecraft) Saving chunks for level 'ServerLevel[New World]'/chaoticd:aurora_dimension
[15:26:38] [Server thread/INFO] (Minecraft) Saving chunks for level 'ServerLevel[New World]'/minecraft:the_end
[15:26:38] [Server thread/INFO] (Minecraft) Saving chunks for level 'ServerLevel[New World]'/minecraft:the_nether
[15:26:38] [Server thread/INFO] (Minecraft) Player991 lost connection: Disconnected
[15:26:38] [Server thread/INFO] (Minecraft) Player991 left the game
[15:26:38] [Server thread/INFO] (Minecraft) Stopping singleplayer server as player logged out
[15:26:38] [Server thread/INFO] (Minecraft) Stopping server
[15:26:38] [Server thread/INFO] (Minecraft) Saving players
[15:26:38] [Server thread/INFO] (Minecraft) Saving worlds
[15:26:39] [Server thread/INFO] (Minecraft) Saving chunks for level 'ServerLevel[New World]'/minecraft:overworld
[15:26:39] [Server thread/INFO] (Minecraft) Saving chunks for level 'ServerLevel[New World]'/chaoticd:shadow_dimension
[15:26:39] [Server thread/INFO] (Minecraft) Saving chunks for level 'ServerLevel[New World]'/chaoticd:aurora_dimension
[15:26:39] [Server thread/INFO] (Minecraft) Saving chunks for level 'ServerLevel[New World]'/minecraft:the_end
[15:26:39] [Server thread/INFO] (Minecraft) Saving chunks for level 'ServerLevel[New World]'/minecraft:the_nether
[15:26:39] [Server thread/INFO] (Minecraft) ThreadedAnvilChunkStorage (New World): All chunks are saved
[15:26:39] [Server thread/INFO] (Minecraft) ThreadedAnvilChunkStorage (shadow_dimension): All chunks are saved
[15:26:39] [Server thread/INFO] (Minecraft) ThreadedAnvilChunkStorage (aurora_dimension): All chunks are saved
[15:26:39] [Server thread/INFO] (Minecraft) ThreadedAnvilChunkStorage (DIM1): All chunks are saved
[15:26:39] [Server thread/INFO] (Minecraft) ThreadedAnvilChunkStorage (DIM-1): All chunks are saved
[15:26:39] [Server thread/INFO] (Minecraft) ThreadedAnvilChunkStorage: All dimensions are saved
[15:26:40] [Render thread/INFO] (Minecraft) Stopping!
